// Jest Snapshot v1, https://goo.gl/fbAQLP

exports[`enzyme 1`] = `
.iATjrR {
  padding: 4em;
  background: papayawhip;
}

<section
  className="sc-bdVaJa iATjrR"
>
  <styled.h1>
    Hello World, this is my first styled component!
  </styled.h1>
</section>
`;

exports[`react-test-renderer 1`] = `
.iATjrR {
  padding: 4em;
  background: papayawhip;
}

.dMjUoH {
  font-size: 1.5em;
  -webkit-text-align: center;
  text-align: center;
  color: palevioletred;
}

.dMjUoH:hover {
  -webkit-text-decoration: underline;
  text-decoration: underline;
}

.dMjUoH em {
  color: green;
}

@media (min-width: 600px) {
  .dMjUoH {
    color: blue;
  }
}

<section
  className="sc-bdVaJa iATjrR"
>
  <h1
    className="sc-bwzfXH dMjUoH"
  >
    Hello World, this is my first styled component!
  </h1>
</section>
`;

exports[`snapshot on null 1`] = `null`;
